Renesas Optimizing Linker (W3.05.00 )             11-Oct-2023 00:03:50

*** Options ***

-MAKEUD=DefaultBuild\Outdid_App.lk.ud
-subcommand=DefaultBuild\Outdid_App.clnk
-Input=DefaultBuild\cstart.obj
-Input=DefaultBuild\stkinit.obj
-Input=DefaultBuild\OtdUART.obj
-Input=DefaultBuild\r_main.obj
-Input=DefaultBuild\r_systeminit.obj
-Input=DefaultBuild\r_cg_cgc.obj
-Input=DefaultBuild\r_cg_cgc_user.obj
-Input=DefaultBuild\r_cg_serial.obj
-Input=DefaultBuild\r_cg_serial_user.obj
-Input=DefaultBuild\r_cg_timer.obj
-Input=DefaultBuild\r_cg_timer_user.obj
-Input=DefaultBuild\OtdDelay.obj
-Input=DefaultBuild\OtdGsm_App.obj
-SECURITY_ID=00000000000000000000
-DEVICE=C:\Program Files (x86)\Renesas Electronics\CS+\CC\Device\RL78\Devicefile\DR5F104ML.DVF
-DEBug
-NOCOmpress
-NOOPtimize
-OUtput=DefaultBuild\Outdid_App.abs
-LIBrary=C:\Program Files (x86)\Renesas Electronics\CS+\CC\CC-RL\V1.12.01\lib\rl78em4s.lib
-LIBrary=C:\Program Files (x86)\Renesas Electronics\CS+\CC\CC-RL\V1.12.01\lib\malloc_n.lib
-LIBrary=C:\Program Files (x86)\Renesas Electronics\CS+\CC\CC-RL\V1.12.01\lib\rl78em4r.lib
-OCDBG=84
-DEBUG_MONITOR=7FE00-7FFFF
-USER_OPT_BYTE=EFFFF8
-OCDTR
-LISt=DefaultBuild\Outdid_App.map
-AUTO_SECTION_LAYOUT
-ROm=.data=.dataR
-ROm=.sdata=.sdataR
-NOMessage
-MEMory=High
-NOLOgo
-end

*** Error information ***

*** Mapping List ***

SECTION                            START      END         SIZE   ALIGN
.vect
                                  00000000  0000007f        80   0
.init_array
                                  00000080  00000080         0   2
.sdata
                                  00000080  00000080         0   2
.data
                                  00000082  00000091        10   2
.option_byte
                                  000000c0  000000c3         4   1
.security_id
                                  000000c4  000000cd         a   1
.monitor1
                                  000000ce  000000d7         a   1
.constf
                                  000000d8  00001075       f9e   2
.text
                                  00001076  000011bf       14a   1
.textf
                                  000011c0  000020c9       f0a   1
.RLIB
                                  000020ca  000029ed       924   1
.const
                                  00003000  00003000         0   2
.SLIB
                                  00003000  00004cc9      1cca   1
.monitor2
                                  0007fe00  0007ffff       200   1
.bss
                                  000f4700  000f49ab       2ac   2
.dataR
                                  000f49ac  000f49bb        10   2
.sbss
                                  000ffe20  000ffe20         0   2
.sdataR
                                  000ffe20  000ffe20         0   2
